C51 COMPILER V9.52.0.0   UART0                                                             04/09/2019 09:17:47 PAGE 1   


C51 COMPILER V9.52.0.0, COMPILATION OF MODULE UART0
OBJECT MODULE PLACED IN UART0.OBJ
COMPILER INVOKED BY: C:\Keil\C51\BIN\C51.EXE UART0.c BROWSE DEBUG OBJECTEXTEND TABS(2)

line level    source

   1          #include <c8051f020.h>
   2          #include <string.h>
   3          #include "UART0.h"
   4          
   5          #define SYSCLK 22118400UL //approximate SYSCLK frequency in Hz
   6          #define BAUDRATE  19200UL          // Baud rate of UART in bps
   7          #define Preload_Timer0 (SYSCLK/(BAUDRATE*16))
   8          
   9          
  10          void Oscillator_Init(){
  11   1          int i = 0;
  12   1          OSCXCN    = 0x67;
  13   1          for (i = 0; i < 3000; i++);  // Wait 1ms for initialization
  14   1          while ((OSCXCN & 0x80) == 0);
  15   1          OSCICN    = 0x0C;
  16   1      }
  17          
  18          void cfg_Clock_UART(void){
  19   1        CKCON |= 0x10;      // T1M: Timer 1 use the system clock.
  20   1        TMOD |= 0x20;       //  Timer1 CLK = system clock
  21   1        TMOD &= 0x2f;       // Timer1 configuré en timer 8 bit avec auto-reload 
  22   1        TF1 = 0;          // Flag Timer effacé
  23   1        
  24   1        TH1 = -(Preload_Timer0);
  25   1        ET1 = 0;           // Interruption Timer 1 dévalidée
  26   1        TR1 = 1;           // Timer1 démarré
  27   1      
  28   1      }
  29          
  30          void cfg_UART0_mode1(void){
  31   1        RCLK0 = 0;     // Source clock Timer 1
  32   1        TCLK0 = 0;
  33   1        PCON  |= 0x80; //SMOD0: UART0 Baud Rate Doubler Disabled.
  34   1        PCON &= 0xBF;  // SSTAT0=0
  35   1        SCON0 = 0x70;   // Mode 1 - Check Stop bit - stock validée
  36   1        
  37   1        XBR0 |= 0x04;
  38   1        XBR2 |= 0x40;
  39   1        P0MDOUT |= 0x01;
  40   1        
  41   1          ES0 = 1;        // interruption UART0 autorisée 
  42   1      
  43   1      }
  44          
  45          void putChar0(char carac){
  46   1        SBUF0=carac;
  47   1        while((SCON0 & 0x02)== 0){}
  48   1        SCON0 &= 0xFD;
  49   1      }
  50            
  51          void putString0(char chaine[32]){
  52   1        int i;
  53   1        for (i=0;i<strlen(chaine);i++){
  54   2          putChar0(chaine[i]);
  55   2        }
C51 COMPILER V9.52.0.0   UART0                                                             04/09/2019 09:17:47 PAGE 2   

  56   1      }
  57          


MODULE INFORMATION:   STATIC OVERLAYABLE
   CODE SIZE        =    146    ----
   CONSTANT SIZE    =   ----    ----
   XDATA SIZE       =   ----    ----
   PDATA SIZE       =   ----    ----
   DATA SIZE        =   ----       5
   IDATA SIZE       =   ----    ----
   BIT SIZE         =   ----    ----
END OF MODULE INFORMATION.


C51 COMPILATION COMPLETE.  0 WARNING(S),  0 ERROR(S)
