BL51 BANKED LINKER/LOCATER V6.22                                                        04/10/2019  12:08:56  PAGE 1


BL51 BANKED LINKER/LOCATER V6.22, INVOKED BY:
C:\KEIL\C51\BIN\BL51.EXE STARTUP.obj, pointeur lumineux.obj, slave_main.obj, UART0.obj, SPI_slave.obj, information.obj T
>> O carteSlave RAMSIZE (256)


MEMORY MODEL: SMALL WITH FLOATING POINT ARITHMETIC


INPUT MODULES INCLUDED:
  STARTUP.obj (?C_STARTUP)
  pointeur lumineux.obj (POINTEUR_LUMINEUX)
  slave_main.obj (SLAVE_MAIN)
  UART0.obj (UART0)
  SPI_slave.obj (SPI_SLAVE)
  information.obj (INFORMATION)
  C:\KEIL\C51\LIB\C51FPS.LIB (?C?FPADD)
  C:\KEIL\C51\LIB\C51FPS.LIB (?C?FPMUL)
  C:\KEIL\C51\LIB\C51FPS.LIB (?C?FPNEG)
  C:\KEIL\C51\LIB\C51FPS.LIB (?C?FCAST)
  C:\KEIL\C51\LIB\C51FPS.LIB (?C?CASTF)
  C:\KEIL\C51\LIB\C51FPS.LIB (SCANF)
  C:\KEIL\C51\LIB\C51FPS.LIB (?C?FPGETOPN)
  C:\KEIL\C51\LIB\C51FPS.LIB (?C?ATOF)
  C:\KEIL\C51\LIB\C51FPS.LIB (?C?FPDIV)
  C:\KEIL\C51\LIB\C51FPS.LIB (?C?FTNPWR)
  C:\KEIL\C51\LIB\C51S.LIB (?C_INIT)
  C:\KEIL\C51\LIB\C51S.LIB (?C?CLDPTR)
  C:\KEIL\C51\LIB\C51S.LIB (?C?CLDOPTR)
  C:\KEIL\C51\LIB\C51S.LIB (?C?CSTPTR)
  C:\KEIL\C51\LIB\C51S.LIB (?C?IMUL)
  C:\KEIL\C51\LIB\C51S.LIB (?C?ISTPTR)
  C:\KEIL\C51\LIB\C51S.LIB (?C?LNEG)
  C:\KEIL\C51\LIB\C51S.LIB (?C?LSTPTR)
  C:\KEIL\C51\LIB\C51S.LIB (?C?PLDIDATA)
  C:\KEIL\C51\LIB\C51S.LIB (?C?PLDIIDATA)
  C:\KEIL\C51\LIB\C51S.LIB (?C?PILDIDATA)
  C:\KEIL\C51\LIB\C51S.LIB (?C?CCASE)
  C:\KEIL\C51\LIB\C51S.LIB (GETCHAR)
  C:\KEIL\C51\LIB\C51S.LIB (UNGETC)
  C:\KEIL\C51\LIB\C51S.LIB (ISSPACE)
  C:\KEIL\C51\LIB\C51S.LIB (?C?STRCMP)
  C:\KEIL\C51\LIB\C51S.LIB (STRLEN)
  C:\KEIL\C51\LIB\C51S.LIB (?C?LSTIDATA)
  C:\KEIL\C51\LIB\C51S.LIB (?C?LSTXDATA)
  C:\KEIL\C51\LIB\C51S.LIB (?C?LSTPDATA)
  C:\KEIL\C51\LIB\C51S.LIB (PUTCHAR)
  C:\KEIL\C51\LIB\C51S.LIB (_GETKEY)


LINK MAP OF MODULE:  carteSlave (?C_STARTUP)


            TYPE    BASE      LENGTH    RELOCATION   SEGMENT NAME
            -----------------------------------------------------

            * * * * * * *   D A T A   M E M O R Y   * * * * * * *
            REG     0000H     0008H     ABSOLUTE     "REG BANK 0"
            DATA    0008H     0002H     UNIT         ?DT?POINTEUR_LUMINEUX
BL51 BANKED LINKER/LOCATER V6.22                                                      04/10/2019  12:08:56  PAGE 2


            DATA    000AH     0001H     UNIT         ?DT?GETCHAR
                    000BH     0015H                  *** GAP ***
            BIT     0020H.0   0001H.3   UNIT         _BIT_GROUP_
            BIT     0021H.3   0000H.1   UNIT         ?BI?GETCHAR
                    0021H.4   0000H.4                *** GAP ***
            DATA    0022H     0036H     UNIT         _DATA_GROUP_
            DATA    0058H     0023H     UNIT         ?DT?SLAVE_MAIN
            IDATA   007BH     0001H     UNIT         ?STACK

            * * * * * * *   C O D E   M E M O R Y   * * * * * * *
            CODE    0000H     0003H     ABSOLUTE     
            CODE    0003H     002BH     UNIT         ?CO?INFORMATION
            CODE    002EH     0005H     UNIT         ?PR?GETCHAR?UNGETCHAR
            CODE    0033H     0003H     ABSOLUTE     
            CODE    0036H     0015H     UNIT         ?PR?_STRLEN?STRLEN
            CODE    004BH     0003H     ABSOLUTE     
            CODE    004EH     069DH     UNIT         ?C?LIB_CODE
            CODE    06EBH     034FH     UNIT         ?PR?SCANF?SCANF
            CODE    0A3AH     00E6H     UNIT         ?PR??C?ATOF??C?ATOF
            CODE    0B20H     00D9H     UNIT         ?PR?_INFORMATION?INFORMATION
            CODE    0BF9H     008CH     UNIT         ?C_C51STARTUP
            CODE    0C85H     0083H     UNIT         ?PR?_START_BLINK_LED?POINTEUR_LUMINEUX
            CODE    0D08H     0041H     UNIT         ?PR?_PUTSTRING0?UART0
            CODE    0D49H     0036H     UNIT         ?PR?RECEPTION_SPI?SLAVE_MAIN
            CODE    0D7FH     0028H     UNIT         ?C_INITSEG
            CODE    0DA7H     0027H     UNIT         ?PR?_DELAY?POINTEUR_LUMINEUX
            CODE    0DCEH     0027H     UNIT         ?PR?PUTCHAR?PUTCHAR
            CODE    0DF5H     0022H     UNIT         ?PR?MAIN?SLAVE_MAIN
            CODE    0E17H     001AH     UNIT         ?PR?OSCILLATOR_INIT?UART0
            CODE    0E31H     0019H     UNIT         ?PR?CFG_UART0_MODE1?UART0
            CODE    0E4AH     0016H     UNIT         ?CO?SLAVE_MAIN
            CODE    0E60H     0013H     UNIT         ?PR?CFG_CLOCK_UART?UART0
            CODE    0E73H     0013H     UNIT         ?PR?_ISSPACE?ISSPACE
            CODE    0E86H     0011H     UNIT         ?PR?GETCHAR?GETCHAR
            CODE    0E97H     0010H     UNIT         ?PR?INIT_SPI0?SPI_SLAVE
            CODE    0EA7H     000DH     UNIT         ?PR?CFG_PWM?POINTEUR_LUMINEUX
            CODE    0EB4H     000BH     UNIT         ?PR?_PUTCHAR0?UART0
            CODE    0EBFH     000AH     UNIT         ?PR?INIT?POINTEUR_LUMINEUX
            CODE    0EC9H     000AH     UNIT         ?PR?LED_ON?POINTEUR_LUMINEUX
            CODE    0ED3H     000AH     UNIT         ?PR?LED_OFF?POINTEUR_LUMINEUX
            CODE    0EDDH     000AH     UNIT         ?PR?_GETKEY?_GETKEY
            CODE    0EE7H     0009H     UNIT         ?PR?CFG_INTERRUPT?POINTEUR_LUMINEUX
            CODE    0EF0H     0004H     UNIT         ?PR?POINTER_INTERRUPT?POINTEUR_LUMINEUX



OVERLAY MAP OF MODULE:   carteSlave (?C_STARTUP)


SEGMENT                                            BIT_GROUP          DATA_GROUP 
  +--> CALLED SEGMENT                           START    LENGTH     START    LENGTH
-----------------------------------------------------------------------------------
?C_C51STARTUP                                   -----    -----      -----    -----
  +--> ?PR?MAIN?SLAVE_MAIN
  +--> ?C_INITSEG

?PR?MAIN?SLAVE_MAIN                             -----    -----      -----    -----
BL51 BANKED LINKER/LOCATER V6.22                                                      04/10/2019  12:08:56  PAGE 3


  +--> ?PR?INIT?POINTEUR_LUMINEUX
  +--> ?PR?OSCILLATOR_INIT?UART0
  +--> ?PR?CFG_CLOCK_UART?UART0
  +--> ?PR?CFG_UART0_MODE1?UART0
  +--> ?PR?INIT_SPI0?SPI_SLAVE
  +--> ?CO?SLAVE_MAIN
  +--> ?PR?_INFORMATION?INFORMATION

?PR?INIT?POINTEUR_LUMINEUX                      -----    -----      -----    -----
  +--> ?PR?CFG_INTERRUPT?POINTEUR_LUMINEUX
  +--> ?PR?CFG_PWM?POINTEUR_LUMINEUX

?PR?_INFORMATION?INFORMATION                    -----    -----      0022H    0016H
  +--> ?CO?INFORMATION
  +--> ?PR?SCANF?SCANF
  +--> ?PR?_PUTSTRING0?UART0
  +--> ?PR?_START_BLINK_LED?POINTEUR_LUMINEUX

?PR?SCANF?SCANF                                 0020H.0  0000H.6    0038H    001EH
  +--> ?PR?GETCHAR?UNGETCHAR
  +--> ?PR?_ISSPACE?ISSPACE
  +--> ?PR?GETCHAR?GETCHAR
  +--> ?PR??C?ATOF??C?ATOF

?PR?GETCHAR?GETCHAR                             -----    -----      -----    -----
  +--> ?PR?_GETKEY?_GETKEY
  +--> ?PR?PUTCHAR?PUTCHAR

?PR??C?ATOF??C?ATOF                             0020H.6  0000H.5    0056H    0002H

?PR?_PUTSTRING0?UART0                           -----    -----      0038H    0005H
  +--> ?PR?_STRLEN?STRLEN
  +--> ?PR?_PUTCHAR0?UART0

?PR?_START_BLINK_LED?POINTEUR_LUMINEUX          -----    -----      0038H    0012H
  +--> ?PR?_DELAY?POINTEUR_LUMINEUX



SYMBOL TABLE OF MODULE:  carteSlave (?C_STARTUP)

  VALUE           TYPE          NAME
  ----------------------------------

  -------         MODULE        ?C_STARTUP
  C:0BF9H         SEGMENT       ?C_C51STARTUP
  I:007BH         SEGMENT       ?STACK
  C:0000H         PUBLIC        ?C_STARTUP
  D:00E0H         SYMBOL        ACC
  D:00F0H         SYMBOL        B
  D:0083H         SYMBOL        DPH
  D:0082H         SYMBOL        DPL
  N:0000H         SYMBOL        IBPSTACK
  N:0100H         SYMBOL        IBPSTACKTOP
  N:0080H         SYMBOL        IDATALEN
  C:0BFCH         SYMBOL        IDATALOOP
  N:0000H         SYMBOL        PBPSTACK
BL51 BANKED LINKER/LOCATER V6.22                                                      04/10/2019  12:08:56  PAGE 4


  N:0100H         SYMBOL        PBPSTACKTOP
  N:0000H         SYMBOL        PDATALEN
  N:0000H         SYMBOL        PDATASTART
  N:0000H         SYMBOL        PPAGE
  N:0000H         SYMBOL        PPAGEENABLE
  D:00A0H         SYMBOL        PPAGE_SFR
  D:0081H         SYMBOL        SP
  C:0BF9H         SYMBOL        STARTUP1
  N:0000H         SYMBOL        XBPSTACK
  N:0000H         SYMBOL        XBPSTACKTOP
  N:0000H         SYMBOL        XDATALEN
  N:0000H         SYMBOL        XDATASTART
  C:0000H         LINE#         126
  C:0BF9H         LINE#         133
  C:0BFBH         LINE#         134
  C:0BFCH         LINE#         135
  C:0BFDH         LINE#         136
  C:0BFFH         LINE#         185
  C:0C02H         LINE#         196
  -------         ENDMOD        ?C_STARTUP

  -------         MODULE        POINTEUR_LUMINEUX
  C:0000H         SYMBOL        _ICE_DUMMY_
  D:00E6H         PUBLIC        EIE1
  C:0EE7H         PUBLIC        cfg_interrupt
  B:00A8H.7       PUBLIC        EA
  C:0EA7H         PUBLIC        cfg_PWM
  D:00E8H         PUBLIC        ADC0CN
  D:00A4H         PUBLIC        P0MDOUT
  D:00A8H         PUBLIC        IE
  D:00F6H         PUBLIC        EIP1
  C:0DAEH         PUBLIC        _delay
  D:00FAH         PUBLIC        PCA0CPH0
  D:00EAH         PUBLIC        PCA0CPL0
  D:00DAH         PUBLIC        PCA0CPM0
  D:00D9H         PUBLIC        PCA0MD
  D:00D8H         PUBLIC        PCA0CN
  D:00B8H         PUBLIC        IP
  D:00E1H         PUBLIC        XBR0
  D:00E3H         PUBLIC        XBR2
  D:00C0H         PUBLIC        SMB0CN
  D:00F8H         PUBLIC        SPI0CN
  D:0088H         PUBLIC        TCON
  C:0EBFH         PUBLIC        init
  C:0C85H         PUBLIC        _start_blink_led
  C:0ED3H         PUBLIC        led_off
  C:0EF0H         PUBLIC        pointer_interrupt
  D:0098H         PUBLIC        SCON0
  D:00C8H         PUBLIC        T2CON
  D:0008H         PUBLIC        p
  C:0EC9H         PUBLIC        led_on
  D:00D0H         PUBLIC        PSW
  -------         PROC          L?0021
  -------         ENDPROC       L?0021
  -------         PROC          _DELAY
  D:0006H         SYMBOL        j
  -------         DO            
BL51 BANKED LINKER/LOCATER V6.22                                                      04/10/2019  12:08:56  PAGE 5


  D:0004H         SYMBOL        n
  D:0002H         SYMBOL        cp
  -------         ENDDO         
  C:0DAEH         LINE#         34
  C:0DAEH         LINE#         36
  C:0DB8H         LINE#         37
  C:0DBBH         LINE#         38
  C:0DC6H         LINE#         39
  C:0DCDH         LINE#         40
  -------         ENDPROC       _DELAY
  -------         PROC          CFG_INTERRUPT
  C:0EE7H         LINE#         107
  C:0EE7H         LINE#         108
  C:0EE9H         LINE#         109
  C:0EECH         LINE#         110
  C:0EEFH         LINE#         111
  -------         ENDPROC       CFG_INTERRUPT
  -------         PROC          CFG_PWM
  C:0EA7H         LINE#         121
  C:0EA7H         LINE#         122
  C:0EA7H         LINE#         123
  C:0EAAH         LINE#         124
  C:0EADH         LINE#         125
  C:0EB0H         LINE#         126
  C:0EB3H         LINE#         127
  -------         ENDPROC       CFG_PWM
  -------         PROC          INIT
  C:0EBFH         LINE#         140
  C:0EBFH         LINE#         144
  C:0EC2H         LINE#         145
  C:0EC5H         LINE#         147
  C:0EC8H         LINE#         148
  -------         ENDPROC       INIT
  -------         PROC          POINTER_INTERRUPT
  C:0EF0H         LINE#         296
  C:0EF0H         LINE#         297
  C:0EF3H         LINE#         298
  -------         ENDPROC       POINTER_INTERRUPT
  -------         PROC          _START_BLINK_LED
  D:0038H         SYMBOL        t_up
  D:003AH         SYMBOL        t_down
  D:003CH         SYMBOL        n_period
  D:003EH         SYMBOL        intensity
  -------         DO            
  D:0040H         SYMBOL        intensite
  D:0044H         SYMBOL        pca
  D:0046H         SYMBOL        pca1
  D:0048H         SYMBOL        pca2
  -------         ENDDO         
  C:0C85H         LINE#         310
  C:0C91H         LINE#         311
  C:0CA7H         LINE#         312
  C:0CCFH         LINE#         313
  C:0CD6H         LINE#         314
  C:0CDDH         LINE#         315
  C:0CE3H         LINE#         316
  C:0CE6H         LINE#         317
BL51 BANKED LINKER/LOCATER V6.22                                                      04/10/2019  12:08:56  PAGE 6


  C:0CE9H         LINE#         318
  C:0CECH         LINE#         319
  C:0CF3H         LINE#         320
  C:0CF6H         LINE#         321
  C:0CFDH         LINE#         322
  C:0D07H         LINE#         323
  -------         ENDPROC       _START_BLINK_LED
  -------         PROC          LED_ON
  C:0EC9H         LINE#         325
  C:0EC9H         LINE#         326
  C:0ECCH         LINE#         327
  C:0ECFH         LINE#         328
  C:0ED2H         LINE#         329
  -------         ENDPROC       LED_ON
  -------         PROC          LED_OFF
  C:0ED3H         LINE#         336
  C:0ED3H         LINE#         337
  C:0ED6H         LINE#         338
  C:0ED9H         LINE#         339
  C:0EDCH         LINE#         341
  -------         ENDPROC       LED_OFF
  -------         ENDMOD        POINTEUR_LUMINEUX

  -------         MODULE        SLAVE_MAIN
  C:0000H         SYMBOL        _ICE_DUMMY_
  D:00FFH         PUBLIC        WDTCN
  B:00A8H.7       PUBLIC        EA
  D:00E8H         PUBLIC        ADC0CN
  D:00A8H         PUBLIC        IE
  D:0058H         PUBLIC        cpt_SPI
  D:00D8H         PUBLIC        PCA0CN
  D:00B8H         PUBLIC        IP
  C:0D49H         PUBLIC        reception_SPI
  D:00C0H         PUBLIC        SMB0CN
  C:0DF5H         PUBLIC        main
  D:005AH         PUBLIC        stock
  D:00F8H         PUBLIC        SPI0CN
  B:00F8H.7       PUBLIC        SPIF
  D:0088H         PUBLIC        TCON
  D:0098H         PUBLIC        SCON0
  D:007AH         PUBLIC        receive
  D:00C8H         PUBLIC        T2CON
  D:009BH         PUBLIC        SPI0DAT
  D:00D0H         PUBLIC        PSW
  -------         PROC          RECEPTION_SPI
  C:0D49H         LINE#         25
  C:0D52H         LINE#         26
  C:0D58H         LINE#         27
  C:0D5FH         LINE#         28
  C:0D67H         LINE#         29
  C:0D69H         LINE#         30
  C:0D69H         LINE#         31
  C:0D70H         LINE#         32
  C:0D76H         LINE#         34
  C:0D76H         LINE#         35
  C:0D78H         LINE#         36
  -------         ENDPROC       RECEPTION_SPI
BL51 BANKED LINKER/LOCATER V6.22                                                      04/10/2019  12:08:56  PAGE 7


  -------         PROC          MAIN
  C:0DF5H         LINE#         37
  C:0DF5H         LINE#         38
  C:0DF8H         LINE#         39
  C:0DFBH         LINE#         40
  C:0DFEH         LINE#         41
  C:0E01H         LINE#         42
  C:0E04H         LINE#         43
  C:0E07H         LINE#         44
  C:0E0AH         LINE#         45
  C:0E0CH         LINE#         47
  C:0E15H         LINE#         49
  C:0E15H         LINE#         50
  -------         ENDPROC       MAIN
  -------         ENDMOD        SLAVE_MAIN

  -------         MODULE        UART0
  C:0000H         SYMBOL        _ICE_DUMMY_
  C:0D08H         PUBLIC        _putString0
  D:00E8H         PUBLIC        ADC0CN
  C:0EB4H         PUBLIC        _putChar0
  D:00A4H         PUBLIC        P0MDOUT
  D:00A8H         PUBLIC        IE
  D:00D8H         PUBLIC        PCA0CN
  D:00B8H         PUBLIC        IP
  C:0E17H         PUBLIC        Oscillator_Init
  D:00E1H         PUBLIC        XBR0
  C:0E60H         PUBLIC        cfg_Clock_UART
  D:00E3H         PUBLIC        XBR2
  D:00C0H         PUBLIC        SMB0CN
  D:00F8H         PUBLIC        SPI0CN
  D:0087H         PUBLIC        PCON
  D:0089H         PUBLIC        TMOD
  D:0088H         PUBLIC        TCON
  C:0E31H         PUBLIC        cfg_UART0_mode1
  D:00B2H         PUBLIC        OSCICN
  B:00A8H.4       PUBLIC        ES0
  B:00A8H.3       PUBLIC        ET1
  B:0088H.7       PUBLIC        TF1
  D:008DH         PUBLIC        TH1
  D:00B1H         PUBLIC        OSCXCN
  B:0088H.6       PUBLIC        TR1
  B:00C8H.5       PUBLIC        RCLK0
  B:00C8H.4       PUBLIC        TCLK0
  D:0099H         PUBLIC        SBUF0
  D:0098H         PUBLIC        SCON0
  D:00C8H         PUBLIC        T2CON
  D:008EH         PUBLIC        CKCON
  D:00D0H         PUBLIC        PSW
  -------         PROC          OSCILLATOR_INIT
  -------         DO            
  D:0006H         SYMBOL        i
  -------         ENDDO         
  C:0E17H         LINE#         10
  C:0E17H         LINE#         11
  C:0E1AH         LINE#         12
  C:0E1DH         LINE#         13
BL51 BANKED LINKER/LOCATER V6.22                                                      04/10/2019  12:08:56  PAGE 8


  C:0E28H         LINE#         14
  C:0E2DH         LINE#         15
  C:0E30H         LINE#         16
  -------         ENDPROC       OSCILLATOR_INIT
  -------         PROC          CFG_CLOCK_UART
  C:0E60H         LINE#         18
  C:0E60H         LINE#         19
  C:0E63H         LINE#         20
  C:0E66H         LINE#         21
  C:0E69H         LINE#         22
  C:0E6BH         LINE#         24
  C:0E6EH         LINE#         25
  C:0E70H         LINE#         26
  C:0E72H         LINE#         28
  -------         ENDPROC       CFG_CLOCK_UART
  -------         PROC          CFG_UART0_MODE1
  C:0E31H         LINE#         30
  C:0E31H         LINE#         31
  C:0E33H         LINE#         32
  C:0E35H         LINE#         33
  C:0E38H         LINE#         34
  C:0E3BH         LINE#         35
  C:0E3EH         LINE#         37
  C:0E41H         LINE#         38
  C:0E44H         LINE#         39
  C:0E47H         LINE#         41
  C:0E49H         LINE#         43
  -------         ENDPROC       CFG_UART0_MODE1
  -------         PROC          _PUTCHAR0
  D:0007H         SYMBOL        carac
  C:0EB4H         LINE#         45
  C:0EB4H         LINE#         46
  C:0EB6H         LINE#         47
  C:0EBBH         LINE#         48
  C:0EBEH         LINE#         49
  -------         ENDPROC       _PUTCHAR0
  -------         PROC          _PUTSTRING0
  D:0038H         SYMBOL        chaine
  -------         DO            
  D:003BH         SYMBOL        i
  -------         ENDDO         
  C:0D08H         LINE#         51
  C:0D0EH         LINE#         53
  C:0D2BH         LINE#         54
  C:0D3EH         LINE#         55
  C:0D48H         LINE#         56
  -------         ENDPROC       _PUTSTRING0
  -------         ENDMOD        UART0

  -------         MODULE        SPI_SLAVE
  C:0000H         SYMBOL        _ICE_DUMMY_
  D:009DH         PUBLIC        SPI0CKR
  D:00E6H         PUBLIC        EIE1
  D:00E8H         PUBLIC        ADC0CN
  D:00A8H         PUBLIC        IE
  D:00F6H         PUBLIC        EIP1
  D:00D8H         PUBLIC        PCA0CN
BL51 BANKED LINKER/LOCATER V6.22                                                      04/10/2019  12:08:56  PAGE 9


  D:00B8H         PUBLIC        IP
  D:00E1H         PUBLIC        XBR0
  D:00C0H         PUBLIC        SMB0CN
  D:00F8H         PUBLIC        SPI0CN
  C:0E97H         PUBLIC        init_SPI0
  D:0088H         PUBLIC        TCON
  D:0098H         PUBLIC        SCON0
  D:00C8H         PUBLIC        T2CON
  D:00D0H         PUBLIC        PSW
  -------         PROC          INIT_SPI0
  C:0E97H         LINE#         17
  C:0E97H         LINE#         18
  C:0E9AH         LINE#         20
  C:0E9DH         LINE#         21
  C:0EA0H         LINE#         23
  C:0EA3H         LINE#         24
  C:0EA6H         LINE#         25
  -------         ENDPROC       INIT_SPI0
  -------         ENDMOD        SPI_SLAVE

  -------         MODULE        INFORMATION
  C:0000H         SYMBOL        _ICE_DUMMY_
  D:00E8H         PUBLIC        ADC0CN
  D:00A8H         PUBLIC        IE
  D:00D8H         PUBLIC        PCA0CN
  D:00B8H         PUBLIC        IP
  D:00C0H         PUBLIC        SMB0CN
  C:0B20H         PUBLIC        _information
  D:00F8H         PUBLIC        SPI0CN
  D:0088H         PUBLIC        TCON
  D:0098H         PUBLIC        SCON0
  D:00C8H         PUBLIC        T2CON
  D:00D0H         PUBLIC        PSW
  -------         PROC          _INFORMATION
  D:0022H         SYMBOL        message
  -------         DO            
  D:0025H         SYMBOL        prem
  D:0028H         SYMBOL        cpt_p
  D:002AH         SYMBOL        t_up
  D:002CH         SYMBOL        t_down
  D:002EH         SYMBOL        n_period
  D:0030H         SYMBOL        intensity
  D:0032H         SYMBOL        b1
  D:0035H         SYMBOL        b2
  D:0036H         SYMBOL        b3
  D:0037H         SYMBOL        b4
  -------         ENDDO         
  C:0B20H         LINE#         11
  C:0B26H         LINE#         13
  C:0B2BH         LINE#         17
  C:0B3FH         LINE#         19
  C:0B63H         LINE#         20
  C:0B6CH         LINE#         21
  C:0B6CH         LINE#         22
  C:0B7EH         LINE#         23
  C:0BC2H         LINE#         25
  C:0BD7H         LINE#         26
BL51 BANKED LINKER/LOCATER V6.22                                                      04/10/2019  12:08:56  PAGE 10


  C:0BD7H         LINE#         27
  C:0BE9H         LINE#         30
  C:0BE9H         LINE#         31
  C:0BF8H         LINE#         34
  C:0BF8H         LINE#         35
  C:0BF8H         LINE#         36
  -------         ENDPROC       _INFORMATION
  -------         ENDMOD        INFORMATION

  -------         MODULE        ?C?FPADD
  C:0055H         PUBLIC        ?C?FPADD
  C:0051H         PUBLIC        ?C?FPSUB
  -------         ENDMOD        ?C?FPADD

  -------         MODULE        ?C?FPMUL
  C:0146H         PUBLIC        ?C?FPMUL
  -------         ENDMOD        ?C?FPMUL

  -------         MODULE        ?C?FPNEG
  C:024CH         PUBLIC        ?C?FPNEG
  -------         ENDMOD        ?C?FPNEG

  -------         MODULE        ?C?FCAST
  C:0267H         PUBLIC        ?C?FCASTC
  C:0262H         PUBLIC        ?C?FCASTI
  C:025DH         PUBLIC        ?C?FCASTL
  -------         ENDMOD        ?C?FCAST

  -------         MODULE        ?C?CASTF
  C:029BH         PUBLIC        ?C?CASTF
  -------         ENDMOD        ?C?CASTF

  -------         MODULE        SCANF
  D:0038H         PUBLIC        ?_SCANF?BYTE
  D:0038H         PUBLIC        ?_SSCANF?BYTE
  C:076DH         PUBLIC        _SCANF
  C:0769H         PUBLIC        _SSCANF
  -------         ENDMOD        SCANF

  -------         MODULE        ?C?FPDIV
  C:031FH         PUBLIC        ?C?FPDIV
  -------         ENDMOD        ?C?FPDIV

  -------         MODULE        ?C?FTNPWR
  C:03ECH         PUBLIC        ?C?FTNPWR
  -------         ENDMOD        ?C?FTNPWR

  -------         MODULE        ?C?CLDPTR
  C:042CH         PUBLIC        ?C?CLDPTR
  -------         ENDMOD        ?C?CLDPTR

  -------         MODULE        ?C?CLDOPTR
  C:0445H         PUBLIC        ?C?CLDOPTR
  -------         ENDMOD        ?C?CLDOPTR

  -------         MODULE        ?C?CSTPTR
  C:0472H         PUBLIC        ?C?CSTPTR
BL51 BANKED LINKER/LOCATER V6.22                                                      04/10/2019  12:08:56  PAGE 11


  -------         ENDMOD        ?C?CSTPTR

  -------         MODULE        ?C?IMUL
  C:0484H         PUBLIC        ?C?IMUL
  -------         ENDMOD        ?C?IMUL

  -------         MODULE        ?C?ISTPTR
  C:0496H         PUBLIC        ?C?ISTPTR
  -------         ENDMOD        ?C?ISTPTR

  -------         MODULE        ?C?LNEG
  C:04B5H         PUBLIC        ?C?LNEG
  -------         ENDMOD        ?C?LNEG

  -------         MODULE        ?C?LSTPTR
  C:04C3H         PUBLIC        ?C?LSTPTR
  -------         ENDMOD        ?C?LSTPTR

  -------         MODULE        ?C?PLDIDATA
  C:04DDH         PUBLIC        ?C?PLDIDATA
  -------         ENDMOD        ?C?PLDIDATA

  -------         MODULE        ?C?PLDIIDATA
  C:04E6H         PUBLIC        ?C?PLDIIDATA
  -------         ENDMOD        ?C?PLDIIDATA

  -------         MODULE        ?C?PILDIDATA
  C:04F6H         PUBLIC        ?C?PILDIDATA
  -------         ENDMOD        ?C?PILDIDATA

  -------         MODULE        ?C?CCASE
  C:0506H         PUBLIC        ?C?CCASE
  -------         ENDMOD        ?C?CCASE

  -------         MODULE        GETCHAR
  B:0021H.3       PUBLIC        ?C?CHARLOADED
  D:000AH         PUBLIC        ?_UNGETCHAR?BYTE
  C:0E86H         PUBLIC        GETCHAR
  -------         ENDMOD        GETCHAR

  -------         MODULE        UNGETC
  C:002EH         PUBLIC        _UNGETCHAR
  -------         ENDMOD        UNGETC

  -------         MODULE        ISSPACE
  C:0E73H         PUBLIC        _isspace
  -------         ENDMOD        ISSPACE

  -------         MODULE        ?C?STRCMP
  C:06AAH         PUBLIC        ?C?STRCMP
  -------         ENDMOD        ?C?STRCMP

  -------         MODULE        STRLEN
  C:0036H         PUBLIC        _STRLEN
  -------         ENDMOD        STRLEN

  -------         MODULE        ?C?LSTIDATA
BL51 BANKED LINKER/LOCATER V6.22                                                      04/10/2019  12:08:56  PAGE 12


  C:06C7H         PUBLIC        ?C?LSTIDATA
  -------         ENDMOD        ?C?LSTIDATA

  -------         MODULE        ?C?LSTXDATA
  C:06D3H         PUBLIC        ?C?LSTXDATA
  -------         ENDMOD        ?C?LSTXDATA

  -------         MODULE        ?C?LSTPDATA
  C:06DFH         PUBLIC        ?C?LSTPDATA
  -------         ENDMOD        ?C?LSTPDATA

  -------         MODULE        PUTCHAR
  C:0DCEH         PUBLIC        _PUTCHAR
  -------         ENDMOD        PUTCHAR

  -------         MODULE        _GETKEY
  C:0EDDH         PUBLIC        _GETKEY
  -------         ENDMOD        _GETKEY

*** WARNING L16: UNCALLED SEGMENT, IGNORED FOR OVERLAY PROCESS
    SEGMENT: ?PR?LED_ON?POINTEUR_LUMINEUX

*** WARNING L16: UNCALLED SEGMENT, IGNORED FOR OVERLAY PROCESS
    SEGMENT: ?PR?LED_OFF?POINTEUR_LUMINEUX

Program Size: data=102.4 xdata=0 code=3828
LINK/LOCATE RUN COMPLETE.  2 WARNING(S),  0 ERROR(S)
