C51 COMPILER V9.52.0.0   SLAVE_MAIN                                                        04/10/2019 12:02:55 PAGE 1   


C51 COMPILER V9.52.0.0, COMPILATION OF MODULE SLAVE_MAIN
OBJECT MODULE PLACED IN slave_main.OBJ
COMPILER INVOKED BY: C:\Keil\C51\BIN\C51.EXE slave_main.c BROWSE DEBUG OBJECTEXTEND TABS(2)

line level    source

   1          //------------------------------------------------------------------------------------
   2          // slave_main.c
   3          //------------------------------------------------------------------------------------
   4          // DATE: 11/04/19
   5          //
   6          // Target: C8051F02x
   7          // Tool chain: KEIL Microvision 4
   8          //
   9          // DEVLOPPE PAR :  Groupe B2
  10          //
  11          //------------------------------------------------------------------------------------
  12          
  13          #include <C8051F020.H>
  14          #include <string.h>
  15          #include "pointeur.h"
  16          #include "UART0.h"
  17          #include "SPI_slave.h"
  18          #include "information.h"
  19          
  20          char receive;
  21          int cpt_SPI = 0;
  22          char stock[32] = "";
  23          
  24          
  25          void reception_SPI() interrupt 6{
  26   1        if(SPI0DAT != '\r'){
  27   2          stock[cpt_SPI] = SPI0DAT;
  28   2          cpt_SPI++;
  29   2        }
  30   1        else{
  31   2          stock[cpt_SPI] = '\0';
  32   2          cpt_SPI = 0;
  33   2          //information(stock);
  34   2        }
  35   1        SPIF = 0;
  36   1      }
  37          int main() {
  38   1        WDTCN = 0xDE;
  39   1        WDTCN = 0xAD;
  40   1        init();
  41   1        Oscillator_Init();
  42   1        cfg_Clock_UART();
  43   1        cfg_UART0_mode1();
  44   1        init_SPI0();
  45   1        EA=1;
  46   1        
  47   1        information("L I:45 D:56 E:24 N:4\r");
  48   1        
  49   1        while(1){
  50   2        };
  51   1      }


MODULE INFORMATION:   STATIC OVERLAYABLE
   CODE SIZE        =     88    ----
C51 COMPILER V9.52.0.0   SLAVE_MAIN                                                        04/10/2019 12:02:55 PAGE 2   

   CONSTANT SIZE    =     22    ----
   XDATA SIZE       =   ----    ----
   PDATA SIZE       =   ----    ----
   DATA SIZE        =     35    ----
   IDATA SIZE       =   ----    ----
   BIT SIZE         =   ----    ----
END OF MODULE INFORMATION.


C51 COMPILATION COMPLETE.  0 WARNING(S),  0 ERROR(S)
